[medimodo.com/index.html]
[medimodo.com/wp-content/uploads/2017/02/medimodo-icon-16-transparent-lighter.png]
[backblue.gif]
[fade.gif]
[index.html]
[medimodo.com/wp-content/uploads/2017/02/checklist.png]
[medimodo.com/wp-content/uploads/2017/02/target.png]
[medimodo.com/wp-content/uploads/2017/02/doctor-1.png]
[www.google-analytics.com/analytics.js]
[medimodo.com/comments/feed/index.html]
[medimodo.com/feed/index.html]
[medimodo.com/wp-content/plugins/jetpack/modules/simple-payments/simple-paymentsa288.css]
[medimodo.com/wp-content/plugins/contact-form-7/includes/css/styles33a6.css]
[medimodo.com/wp-content/themes/kleo/assets/css/bootstrap.min9c92.css]
[medimodo.com/wp-content/themes/kleo/assets/css/app.min9c92.css]
[medimodo.com/wp-content/themes/kleo/assets/js/plugins/magnific-popup/magnific9c92.css]
[medimodo.com/wp-content/themes/kleo-child/assets/css/fontello9c92.css]
[medimodo.com/wp-includes/js/mediaelement/mediaelementplayer.min51cd.css]
[medimodo.com/wp-content/plugins/js_composer/assets/css/js_composer.min7752.css]
[medimodo.com/wp-content/uploads/custom_styles/dynamic6dd1.css]
[medimodo.com/wp-content/themes/kleo/assets/css/plugins.min9c92.css]
[medimodo.com/wp-content/themes/kleo-child/style9c92.css]
[medimodo.com/wp-content/plugins/jetpack/css/jetpack7752.css]
[medimodo.com/wp-includes/js/jquery/jqueryb8ff.js]
[medimodo.com/wp-includes/js/jquery/jquery-migrate.min330a.js]
[medimodo.com/wp-content/plugins/google-analytics-for-wordpress/assets/js/frontend.min3781.js]
[medimodo.com/wp-content/themes/kleo/assets/js/modernizr.custom.465049c92.js]
[medimodo.com/xmlrpc0db0.php]
[medimodo.com/wp-includes/wlwmanifest.xml]
[medimodo.com/wp-json/index.html]
[medimodo.com/wp-json/oembed/1.0/embed4528.json]
[medimodo.com/wp-json/oembed/1.0/embed4a8f]
[i1.wp.com/medimodo.com/wp-content/uploads/2017/02/cropped-medimodo-icon-1024-transparent-verticale43b.png]
[i1.wp.com/medimodo.com/wp-content/uploads/2017/02/cropped-medimodo-icon-1024-transparent-vertical98d8.png]
[i1.wp.com/medimodo.com/wp-content/uploads/2017/02/cropped-medimodo-icon-1024-transparent-verticalf9b5.png]
[i0.wp.com/medimodo.com/wp-content/uploads/2017/02/Bokeh-on-Blue1_girypdeff3.jpg]
[i1.wp.com/medimodo.com/wp-content/uploads/2017/02/checklista7a3.png]
[i2.wp.com/medimodo.com/wp-content/uploads/2017/02/targeta7a3.png]
[i2.wp.com/medimodo.com/wp-content/uploads/2017/02/doctor-1a7a3.png]
[i0.wp.com/medimodo.com/wp-content/uploads/2017/02/facebook-logo_fsr9p72790.png]
[i1.wp.com/medimodo.com/wp-content/uploads/2017/02/rescuetime_ammso09bcc.png]
[i2.wp.com/medimodo.com/wp-content/uploads/2017/02/github_small_mfuescace5.png]
[i0.wp.com/medimodo.com/wp-content/uploads/2017/02/withings-logo_hi9xw57355.png]
[i2.wp.com/medimodo.com/wp-content/uploads/2017/02/jawbone-up_tifdcm45e3.png]
[i0.wp.com/medimodo.com/wp-content/uploads/2017/02/runkeeper_thzmqa73c0.png]
[i2.wp.com/medimodo.com/wp-content/uploads/2017/02/fitbit_ww1watf4ad.png]
[i0.wp.com/medimodo.com/wp-content/uploads/2017/02/whatpulse-header-logo-41_mz5q2xc1ed.png]
[i1.wp.com/medimodo.com/wp-content/uploads/2017/02/moodscope_gxwrbue237.png]
[i2.wp.com/medimodo.com/wp-content/uploads/2015/03/WWO-WeatherLogo_nqu21n8b4a.png]
[i2.wp.com/medimodo.com/wp-content/uploads/2017/02/mynetdiary_cvozq5aa93.png]
[i1.wp.com/medimodo.com/wp-content/uploads/2017/02/sleep-as-android_awu5er6244.png]
[fast.wistia.net/assets/external/E-v1.js]
[medimodo.com/wp-content/plugins/jetpack/modules/photon/photonb3d9.js]
[medimodo.com/terms-of-service/index.html]
[medimodo.com/wp-content/plugins/contact-form-7/includes/js/scripts33a6.js]
[s0.wp.com/wp-content/js/devicepx-jetpack7023.js]
[medimodo.com/privacy-policy/index.html]
[secure.gravatar.com/js/gprofiles7633.js]
[medimodo.com/wp-content/plugins/js_composer/assets/lib/waypoints/waypoints.min7752.js]
[medimodo.com/wp-content/themes/kleo/assets/js/plugins/magnific-popup/magnific.min9c92.js]
[medimodo.com/wp-content/themes/kleo/assets/js/plugins/carouFredSel/jquery.carouFredSel-6.2.0-packed9c92.js]
[medimodo.com/wp-content/themes/kleo/assets/js/plugins/carouFredSel/helper-plugins/jquery.touchSwipe.min9c92.js]
[medimodo.com/wp-includes/js/mediaelement/mediaelement-and-player.min51cd.js]
[medimodo.com/wp-content/themes/kleo/assets/js/app.min9c92.js]
[medimodo.com/wp-includes/js/wp-embed.mina288.js]
[medimodo.com/wp-content/plugins/jetpack/_inc/spin4e44.js]
[medimodo.com/wp-content/plugins/jetpack/_inc/jquery.spin4e44.js]
[medimodo.com/wp-content/plugins/jetpack/modules/carousel/jetpack-carousela4d5.js]
[medimodo.com/wp-content/plugins/js_composer/assets/js/dist/js_composer_front.min7752.js]
[medimodo.com/wp-content/themes/kleo/assets/js/plugins/particles.min9c92.js]
[medimodo.com/index.html]
[medimodo.com/xmlrpc.php]
[medimodo.com/linkid.html]
[medimodo.com/wp-content/plugins/jetpack/modules/simple-payments/simple-paymentsa288.css]
[stats.wp.com/e-201735.js]
[medimodo.com/wp-content/plugins/contact-form-7/images/ajax-loader.gif]
[medimodo.com/wp-content/plugins/contact-form-7/includes/css/styles33a6.css]
[medimodo.com/wp-content/themes/kleo/assets/css/bootstrap.min9c92.css]
[medimodo.com/wp-content/themes/kleo/assets/css/app.min9c92.css]
[medimodo.com/wp-content/themes/kleo/assets/js/plugins/magnific-popup/magnific9c92.css]
[medimodo.com/wp-content/themes/kleo-child/assets/font/fontello1374.eot]
[medimodo.com/wp-content/themes/kleo-child/assets/font/fontello1374.woff]
[medimodo.com/wp-content/themes/kleo-child/assets/font/fontello1374.ttf]
[medimodo.com/wp-content/themes/kleo-child/assets/css/fontello9c92.css]
[medimodo.com/wp-content/themes/kleo-child/assets/font/fontello1374.svg]
[medimodo.com/wp-includes/js/mediaelement/bigplay.svg]
[medimodo.com/wp-includes/js/mediaelement/bigplay.png]
[medimodo.com/wp-includes/js/mediaelement/background.png]
[medimodo.com/wp-includes/js/mediaelement/loading.gif]
[medimodo.com/wp-includes/js/mediaelement/controls.svg]
[medimodo.com/wp-includes/js/mediaelement/controls.png]
[medimodo.com/wp-includes/js/mediaelement/jumpforward.png]
[medimodo.com/wp-includes/js/mediaelement/skipback.png]
[medimodo.com/wp-includes/js/mediaelement/mediaelementplayer.min51cd.css]
[medimodo.com/wp-content/plugins/js_composer/assets/vc/alert.png]
[medimodo.com/wp-content/plugins/js_composer/assets/vc/info.png]
[medimodo.com/wp-content/plugins/js_composer/assets/vc/tick.png]
[medimodo.com/wp-content/plugins/js_composer/assets/vc/exclamation.png]
[medimodo.com/wp-content/plugins/js_composer/assets/images/icons/address-book.png]
[medimodo.com/wp-content/plugins/js_composer/assets/images/icons/alarm-clock.png]
[medimodo.com/wp-content/plugins/js_composer/assets/images/icons/anchor.png]
[medimodo.com/wp-content/plugins/js_composer/assets/images/icons/application-image.png]
[medimodo.com/wp-content/plugins/js_composer/assets/images/icons/arrow.png]
[medimodo.com/wp-content/plugins/js_composer/assets/images/icons/asterisk.png]
[medimodo.com/wp-content/plugins/js_composer/assets/images/icons/auction-hammer.png]
[medimodo.com/wp-content/plugins/js_composer/assets/images/icons/balloon.png]
[medimodo.com/wp-content/plugins/js_composer/assets/images/icons/balloon-buzz.png]
[medimodo.com/wp-content/plugins/js_composer/assets/images/icons/balloon-facebook.png]
[medimodo.com/wp-content/plugins/js_composer/assets/images/icons/balloon-twitter.png]
[medimodo.com/wp-content/plugins/js_composer/assets/images/icons/battery-full.png]
[medimodo.com/wp-content/plugins/js_composer/assets/images/icons/binocular.png]
[medimodo.com/wp-content/plugins/js_composer/assets/images/icons/blue-document-excel.png]
[medimodo.com/wp-content/plugins/js_composer/assets/images/icons/blue-document-image.png]
[medimodo.com/wp-content/plugins/js_composer/assets/images/icons/blue-document-music.png]
[medimodo.com/wp-content/plugins/js_composer/assets/images/icons/blue-document-office.png]
[medimodo.com/wp-content/plugins/js_composer/assets/images/icons/blue-document-pdf.png]
[medimodo.com/wp-content/plugins/js_composer/assets/images/icons/blue-document-powerpoint.png]
[medimodo.com/wp-content/plugins/js_composer/assets/images/icons/blue-document-word.png]
[medimodo.com/wp-content/plugins/js_composer/assets/images/icons/bookmark.png]
[medimodo.com/wp-content/plugins/js_composer/assets/images/icons/camcorder.png]
[medimodo.com/wp-content/plugins/js_composer/assets/images/icons/camera.png]
[medimodo.com/wp-content/plugins/js_composer/assets/images/icons/chart.png]
[medimodo.com/wp-content/plugins/js_composer/assets/images/icons/chart-pie.png]
[medimodo.com/wp-content/plugins/js_composer/assets/images/icons/clock.png]
[medimodo.com/wp-content/plugins/js_composer/assets/images/icons/control.png]
[medimodo.com/wp-content/plugins/js_composer/assets/images/icons/fire.png]
[medimodo.com/wp-content/plugins/js_composer/assets/images/icons/heart.png]
[medimodo.com/wp-content/plugins/js_composer/assets/images/icons/mail.png]
[medimodo.com/wp-content/plugins/js_composer/assets/images/icons/plus-shield.png]
[medimodo.com/wp-content/plugins/js_composer/assets/images/icons/video.png]
[medimodo.com/wp-content/plugins/js_composer/assets/fonts/vc_icons/fonts/VC-Icons8309.ttf]
[medimodo.com/wp-content/plugins/js_composer/assets/fonts/vc_icons/fonts/VC-Icons8309.woff]
[medimodo.com/wp-content/plugins/js_composer/assets/fonts/vc_icons/fonts/VC-Icons8309.svg]
[medimodo.com/wp-content/plugins/js_composer/assets/images/toggle_open.png]
[medimodo.com/wp-content/plugins/js_composer/assets/images/toggle_close.png]
[medimodo.com/wp-content/plugins/js_composer/assets/images/flickr.png]
[medimodo.com/wp-content/plugins/js_composer/assets/fonts/vc_grid/vc_grid_v157a1.eot]
[medimodo.com/wp-content/plugins/js_composer/assets/fonts/vc_grid/vc_grid_v1d41d.eot]
[medimodo.com/wp-content/plugins/js_composer/assets/fonts/vc_grid/vc_grid_v157a1.woff]
[medimodo.com/wp-content/plugins/js_composer/assets/fonts/vc_grid/vc_grid_v157a1.ttf]
[medimodo.com/wp-content/plugins/js_composer/assets/fonts/vc_grid/vc_grid_v157a1.svg]
[medimodo.com/wp-content/plugins/js_composer/assets/images/spinner.gif]
[medimodo.com/wp-content/plugins/js_composer/assets/vc/remove.png]
[medimodo.com/wp-content/plugins/js_composer/assets/css/js_composer.min7752.css]
[medimodo.com/wp-content/uploads/custom_styles/dynamic6dd1.css]
[medimodo.com/wp-content/themes/kleo/assets/css/plugins.min9c92.css]
[medimodo.com/wp-content/themes/kleo-child/style9c92.css]
[medimodo.com/wp-content/plugins/jetpack/modules/carousel/images/arrows.png]
[medimodo.com/wp-content/plugins/jetpack/modules/carousel/images/arrows-2x.png]
[medimodo.com/wp-content/plugins/jetpack/modules/carousel/images/carousel-spritee4da.png]
[medimodo.com/wp-content/plugins/jetpack/modules/carousel/images/carousel-sprite-2xe4da.png]
[medimodo.com/wp-content/plugins/jetpack/modules/shortcodes/img/slideshow-controls.png]
[medimodo.com/wp-content/plugins/jetpack/modules/shortcodes/img/slideshow-controls-2x.png]
[medimodo.com/wp-content/plugins/jetpack/modules/shortcodes/images/slide-nav.png]
[medimodo.com/wp-content/plugins/jetpack/modules/shortcodes/images/expand.png]
[medimodo.com/wp-content/plugins/jetpack/modules/shortcodes/images/collapse.png]
[secure.gravatar.com/images/grav-share-sprite.png]
[medimodo.com/wp-content/plugins/jetpack/css/jetpack7752.css]
[medimodo.com/wp-json/oembed/1.0/embedabec.json]
[medimodo.com/wp-json/oembed/1.0/embede9a2]
[medimodo.com/terms-of-service/index.html]
[medimodo.com/wp-json/oembed/1.0/embed550f.json]
[medimodo.com/wp-json/oembed/1.0/embed6595]
[medimodo.com/privacy-policy/index.html]
[s0.wp.com/wp-content/js/devicepx-jetpack7023.js]
[pixel.wp.com/g9818.gif]
[secure.gravatar.com/js/gprofiles7633.js]
[medimodo.com/wp-content/plugins/jetpack/modules/wpgrohoa288.js]
[medimodo.com/wp-content/themes/kleo/assets/js/bootstrap.min9c92.js]
[medimodo.com/wp-content/plugins/js_composer/assets/lib/bower/isotope/dist/isotope.pkgd.min7752.js]
[stats.wp.com/e-201735.js]
[medimodo.com/wp-content/themes/kleo/assets/your-image-path/img-name@2x.html]
[medimodo.com/wp-content/themes/kleo-child/assets/font/fontello1374.svg]
[medimodo.com/wp-includes/js/mediaelement/bigplay.svg]
[medimodo.com/wp-includes/js/mediaelement/controls.svg]
[medimodo.com/wp-content/plugins/js_composer/assets/fonts/vc_icons/fonts/VC-Icons8309.svg]
[medimodo.com/wp-content/plugins/js_composer/assets/fonts/vc_grid/vc_grid_v157a1.svg]
[medimodo.com/terms-of-service/linkid.html]
[medimodo.com/privacy-policy/linkid.html]
[medimodo.com/ABCDEFGHIJKLMNOPQRSTUVWXYZabcdefghijklmnopqrstuvwxyz0123456789+/index.html]
[medimodo.com/g.html]
[medimodo.com/c.html]
